19:27:03:03.329 [main] DEBUG org.apache.poi.openxml4j.opc.PackageRelationshipCollection - Parsing relationship: /xl/_rels/workbook.xml.rels
19:27:03:03.331 [main] DEBUG org.apache.poi.openxml4j.opc.PackageRelationshipCollection - Parsing relationship: /xl/worksheets/_rels/sheet1.xml.rels
19:27:03:03.332 [main] DEBUG org.apache.poi.openxml4j.opc.PackageRelationshipCollection - Parsing relationship: /_rels/.rels
19:27:03:03.345 [main] DEBUG org.apache.poi.openxml4j.opc.PackageRelationshipCollection - Parsing relationship: /xl/_rels/workbook.xml.rels
19:27:03:03.346 [main] DEBUG org.apache.poi.openxml4j.opc.PackageRelationshipCollection - Parsing relationship: /xl/worksheets/_rels/sheet1.xml.rels
19:27:03:03.347 [main] DEBUG org.apache.poi.openxml4j.opc.PackageRelationshipCollection - Parsing relationship: /_rels/.rels
19:27:03:03.358 [main] DEBUG org.apache.poi.openxml4j.opc.PackageRelationshipCollection - Parsing relationship: /xl/_rels/workbook.xml.rels
19:27:03:03.358 [main] DEBUG org.apache.poi.openxml4j.opc.PackageRelationshipCollection - Parsing relationship: /xl/worksheets/_rels/sheet1.xml.rels
19:27:03:03.359 [main] DEBUG org.apache.poi.openxml4j.opc.PackageRelationshipCollection - Parsing relationship: /_rels/.rels
19:27:03:03.373 [main] DEBUG org.apache.poi.openxml4j.opc.PackageRelationshipCollection - Parsing relationship: /xl/_rels/workbook.xml.rels
19:27:03:03.373 [main] DEBUG org.apache.poi.openxml4j.opc.PackageRelationshipCollection - Parsing relationship: /xl/worksheets/_rels/sheet1.xml.rels
19:27:03:03.375 [main] DEBUG org.apache.poi.openxml4j.opc.PackageRelationshipCollection - Parsing relationship: /_rels/.rels
19:27:03:03.389 [main] DEBUG org.apache.poi.openxml4j.opc.PackageRelationshipCollection - Parsing relationship: /xl/_rels/workbook.xml.rels
19:27:03:03.390 [main] DEBUG org.apache.poi.openxml4j.opc.PackageRelationshipCollection - Parsing relationship: /xl/worksheets/_rels/sheet1.xml.rels
19:27:03:03.391 [main] DEBUG org.apache.poi.openxml4j.opc.PackageRelationshipCollection - Parsing relationship: /_rels/.rels
19:27:03:03.416 [main] INFO  testCases.TC003_LoginDDT - ****Started TC003_LoginDDT*****
19:27:04:04.369 [main] INFO  testCases.TC003_LoginDDT - ****Finished TC003_LoginDDT*****
19:27:04:04.380 [main] INFO  testCases.TC003_LoginDDT - ****Started TC003_LoginDDT*****
19:27:14:14.912 [main] INFO  testCases.TC003_LoginDDT - ****Started TC003_LoginDDT*****
19:27:25:25.446 [main] INFO  testCases.TC003_LoginDDT - ****Started TC003_LoginDDT*****
19:27:36:36.096 [main] INFO  testCases.TC003_LoginDDT - ****Started TC003_LoginDDT*****
19:27:36:36.908 [main] INFO  testCases.TC003_LoginDDT - ****Finished TC003_LoginDDT*****
19:28:32:32.850 [main] DEBUG org.testng.TestNG - suiteXmlPath: "C:\Users\sbiet\eclipse-workspace\Youtube_Testing\OpenCartV1.121\testng.xml"
19:28:33:33.070 [main] INFO  org.testng.internal.Utils - [TestNG] Running:
  C:\Users\sbiet\eclipse-workspace\Youtube_Testing\OpenCartV1.121\testng.xml

19:28:34:34.853 [main] INFO  testCases.TC002_LoginTest - ****Starting TC002_LoginTest***
19:28:35:35.614 [main] INFO  testCases.TC002_LoginTest - ****Login finished****
19:29:38:38.077 [main] DEBUG org.testng.TestNG - suiteXmlPath: "C:\Users\sbiet\eclipse-workspace\Youtube_Testing\OpenCartV1.121\testng.xml"
19:29:38:38.281 [main] INFO  org.testng.internal.Utils - [TestNG] Running:
  C:\Users\sbiet\eclipse-workspace\Youtube_Testing\OpenCartV1.121\testng.xml

19:29:39:39.971 [main] INFO  testCases.TC002_LoginTest - ****Starting TC002_LoginTest***
19:29:40:40.756 [main] INFO  testCases.TC002_LoginTest - ****Login finished****
19:31:41:41.403 [main] DEBUG org.testng.TestNG - suiteXmlPath: "C:\Users\sbiet\eclipse-workspace\Youtube_Testing\OpenCartV1.121\testng.xml"
19:31:41:41.635 [main] INFO  org.testng.internal.Utils - [TestNG] Running:
  C:\Users\sbiet\eclipse-workspace\Youtube_Testing\OpenCartV1.121\testng.xml

19:31:43:43.526 [main] INFO  testCases.TC002_LoginTest - ****Starting TC002_LoginTest***
19:42:59:59.880 [main] DEBUG org.testng.TestNG - suiteXmlPath: "C:\Users\sbiet\eclipse-workspace\Youtube_Testing\OpenCartV1.121\testng.xml"
19:43:00:00.088 [main] INFO  org.testng.internal.Utils - [TestNG] Running:
  C:\Users\sbiet\eclipse-workspace\Youtube_Testing\OpenCartV1.121\testng.xml

19:43:01:01.826 [main] INFO  testCases.TC002_LoginTest - ****Starting TC002_LoginTest***
19:47:50:50.121 [main] DEBUG org.testng.TestNG - suiteXmlPath: "C:\Users\sbiet\eclipse-workspace\Youtube_Testing\OpenCartV1.121\testng.xml"
19:47:50:50.329 [main] INFO  org.testng.internal.Utils - [TestNG] Running:
  C:\Users\sbiet\eclipse-workspace\Youtube_Testing\OpenCartV1.121\testng.xml

19:47:52:52.024 [main] INFO  testCases.TC002_LoginTest - ****Starting TC002_LoginTest***
19:56:17:17.125 [main] DEBUG org.testng.TestNG - suiteXmlPath: "C:\Users\sbiet\eclipse-workspace\Youtube_Testing\OpenCartV1.121\testng.xml"
19:56:17:17.331 [main] INFO  org.testng.internal.Utils - [TestNG] Running:
  C:\Users\sbiet\eclipse-workspace\Youtube_Testing\OpenCartV1.121\testng.xml

